gpasm-0.14.3 #861 (Nov  5 2012)   05_main.asm   3-12-2013  23:30:13         PAGE  1


LOC  OBJECT CODE     LINE SOURCE TEXT
  VALUE

                      00001 ; Include file, change directory if needed
                      00001 include "p12f675.inc"
                      00002         LIST
                      00003 
                      00004 ;==========================================================================
                      00005 ;  MPASM PIC12F675 processor include
                      00006 ; 
                      00007 ;  (c) Copyright 1999-2012 Microchip Technology, All rights reserved
                      00008 ;==========================================================================
                      00009 
                      00367         LIST
                      00002 
                      00003 
                      00004 ;#########################
                      00005 ;## uC Chip settings    ##
                      00006 ;#########################
                      00007 ;   Set User ID Memory
2000   0005 0005      00008         __idlocs                0x55aa
       000A 000A 
                      00009 ;   Set configuration bits using definitions from the include file, p16f84.inc
2007   3FD4           00010         __config        _INTRC_OSC_NOCLKOUT & _WDT_OFF & _CP_OFF & _MCLRE_OFF
                      00011 
                      00012 
                      00013 
                      00014 ;#########################
                      00015 ;## PIN DEFINITIONS     ##
                      00016 ;#########################
                      00017 ; GP5   I/O             ()
                      00018 ; GP4   I/O                     ()
                      00019 ; GP3   nMCLR           ()
                      00020 ; GP2   I/O                     ()
                      00021 ; GP1   OUT     LED1    ()
                      00022 ; GP0   OUT LED0        ()
  0000003F            00023 LED1_P          EQU     b'111111'
                      00024 
                      00025 
                      00026 ; OUTPUTs
  00000000            00027 LED1    EQU     GP0
  00000001            00028 LED0    EQU GP1
                      00029 
                      00030 
                      00031 ; INPUTs
                      00032 
                      00033 ;#########################
                      00034 ;## CONSTANTS           ##
                      00035 ;#########################
                      00036 
                      00037 ;#########################
                      00038 ;## GLOBAL REGISTERS    ##
                      00039 ;#########################
  00000020            00040 count_l EQU     0x20            ; Low byte of counter
  00000021            00041 count_m EQU     0x21            ; Middle byte of counter
  00000022            00042 count_h EQU     0x22            ; High byte of counter
gpasm-0.14.3 #861 (Nov  5 2012)   05_main.asm   3-12-2013  23:30:13         PAGE  2


LOC  OBJECT CODE     LINE SOURCE TEXT
  VALUE

                      00043 
  00000024            00044 stor_m  equ     0x24
                      00045 
                      00046 ;#########################
                      00047 ;## MACROS              ##
                      00048 ;#########################
                      00049 #define PAGE0           bcf     STATUS,RP0      ; [M] Switch to page 0 in RAM
                      00050 #define PAGE1           bsf     STATUS,RP0      ; [M] Switch to page 1 in RAM
                      00051 
                      00052 LED1_ON macro                           ; [M] Turn on LED1
                      00053         bsf     GPIO,LED1
                      00054         endm
                      00055 
                      00056 LED1_OFF macro                          ; [M] Turn off LED1
                      00057         bcf     GPIO,LED1
                      00058         endm
                      00059 
                      00060 LED0_ON macro                           ; [M] Turn on LED0
                      00061         bsf     GPIO,LED0
                      00062         endm
                      00063 
                      00064 LED0_OFF macro                          ; [M] Turn off LED0
                      00065         bcf     GPIO,LED0
                      00066         endm
                      00067 
                      00068 ;###################################################################################
                      00069 ;###################################################################################
                      00070 ;####                   S       T       A       R       T                       ####
                      00071 ;###################################################################################
                      00072 ;###################################################################################
                      00073 ;Initialization of basic registers
0000                  00074 Reset_vector    org     0x0000
0000   2805           00075         goto    Init
                      00076 
0004                  00077 Irq_vector      org     0x0004
0004   0009           00078         retfie
                      00079 
0005                  00080 Init
                      00081 ; ##############
                      00082 ; Adjust osc calibration constant, read it from EEPROM
                      00083 
0005   1683           00084         PAGE1                           ; Set page 0
0006   23FF           00085         call    0x3ff
Message[302]  : Register in operand not in bank 0. Ensure bank bits are correct.
0007   0090           00086         movwf   OSCCAL                  ; Read osc calibration value and set it
0008   1283           00087         PAGE0
                      00088 
0009   3007           00089         movlw   0x07
000A   0099           00090         movwf   CMCON           ; Disable comparator
                      00091 
000B   1683           00092     PAGE1
000C   3000           00093     movlw   0x00
Message[302]  : Register in operand not in bank 0. Ensure bank bits are correct.
gpasm-0.14.3 #861 (Nov  5 2012)   05_main.asm   3-12-2013  23:30:13         PAGE  3


LOC  OBJECT CODE     LINE SOURCE TEXT
  VALUE

000D   009F           00094     movwf   ANSEL           ; Disable ADC
                      00095 
000E   3000           00096     movlw   0x00
000F   009F           00097     movwf   ADCON0          ; Disable ADC
0010   1283           00098     PAGE0
                      00099 
0011   0064           00100         clrwdt                          ; Reset watchdog
                      00101 ;###############
                      00102 ; Set Inputs/Outputs
0012   1683           00103         PAGE1
0013   30C0           00104         movlw   ~(LED1_P)               ; LED1 will be output
Message[302]  : Register in operand not in bank 0. Ensure bank bits are correct.
0014   0085           00105         movwf   TRISIO                  ; Set direction
0015   1283           00106         PAGE0
                      00107 ; Set GPIO
0016   30FF           00108         movlw   0xff
0017   0085           00109         movwf   GPIO                    ; Turn off LED1 and 2 leds, turn on LED3
                      00110 
                      00111 ;#######################################
                      00112 ; MAIN LOOP
                      00113 ;#######################################
                      00114 
                      00115 ; Some mnemonics:
                      00116 ; movwf - Move 'Working' (accumulator) into register
                      00117 ; movlw - move literal (some direct value) into working
                      00118 ; btfss - bit test file (some register), skip if set
                      00119 ; btfsc - bit -||-, skip if clear
                      00120 ; incfsz - increment register and skip next if is zero
                      00121 
                      00122 
                      00123 ;       some my own init
0018   30FF           00124         movlw   0xFF
0019   00A4           00125         movwf   stor_m
                      00126 
001A                  00127 M_L0:
                      00128         ; clear lower byte of counter
001A   0103           00129         clrw
001B   00A0           00130         movwf   count_l
                      00131         ; set middle byte to some value
                      00132 ;       movlw   0x40
                      00133         ; decrement stored value and load it into middle counter
Message[305]  : Using default destination of 1 (file).
001C   03A4           00134         decf    stor_m
001D   0824           00135         movfw   stor_m
                      00136 
001E   00A1           00137         movwf   count_m                 ; Set counter to 0x40
                      00138         ; set high byte
001F   30FF           00139         movlw   0xFF
0020   00A2           00140         movwf   count_h
                      00141 
                      00142 
                      00143 
                      00144         ; test the lowest bit of GPIO register?
gpasm-0.14.3 #861 (Nov  5 2012)   05_main.asm   3-12-2013  23:30:13         PAGE  4


LOC  OBJECT CODE     LINE SOURCE TEXT
  VALUE

0021   1C05           00145         btfss   GPIO,GP0
0022   282E           00146         goto    Led_on
0023   282B           00147         goto    Led_off
0024                  00148 wait_loop:
                      00149         
Message[305]  : Using default destination of 1 (file).
0024   0FA0           00150         incfsz  count_l                 ; inner loop
0025   2824           00151         goto    wait_loop
                      00152 
Message[305]  : Using default destination of 1 (file).
0026   0FA1           00153         incfsz  count_m                 ; outer loop
0027   2824           00154         goto    wait_loop
                      00155 
Message[305]  : Using default destination of 1 (file).
0028   0FA2           00156         incfsz  count_h
0029   2824           00157         goto    wait_loop
                      00158 
002A   281A           00159         goto    M_L0
                      00160 
                      00161 
                      00162 ;###############
                      00163 ;Functions
                      00164 ;###############
002B                  00165 Led_off:
                      00166         LED1_OFF
002B   1005               M         bcf     GPIO,LED1
                      00167         LED0_OFF
002C   1085               M         bcf     GPIO,LED0
002D   2824           00168         goto    wait_loop
                      00169 
002E                  00170 Led_on:
                      00171         LED1_ON
002E   1405               M         bsf     GPIO,LED1
                      00172         LED0_ON
002F   1485               M         bsf     GPIO,LED0
0030   2824           00173         goto    wait_loop
                      00174 
                      00175         end
gpasm-0.14.3 #861 (Nov  5 2012)   05_main.asm   3-12-2013  23:30:13         PAGE  5


SYMBOL TABLE
  LABEL                             VALUE

ADCON0                            0000001F
ADCS0                             00000004
ADCS1                             00000005
ADCS2                             00000006
ADFM                              00000007
ADIE                              00000006
ADIF                              00000006
ADON                              00000000
ADRESH                            0000001E
ADRESL                            0000009E
ANS0                              00000000
ANS1                              00000001
ANS2                              00000002
ANS3                              00000003
ANSEL                             0000009F
C                                 00000000
CAL0                              00000002
CAL1                              00000003
CAL2                              00000004
CAL3                              00000005
CAL4                              00000006
CAL5                              00000007
CHS0                              00000002
CHS1                              00000003
CINV                              00000004
CIS                               00000003
CM0                               00000000
CM1                               00000001
CM2                               00000002
CMCON                             00000019
CMIE                              00000003
CMIF                              00000003
COUT                              00000006
DC                                00000001
EEADR                             0000009B
EECON1                            0000009C
EECON2                            0000009D
EEDAT                             0000009A
EEDATA                            0000009A
EEIE                              00000007
EEIF                              00000007
F                                 00000001
FSR                               00000004
GIE                               00000007
GO                                00000001
GO_DONE                           00000001
GO_NOT_DONE                       00000001
GP0                               00000000
GP1                               00000001
GP2                               00000002
GP3                               00000003
GP4                               00000004
GP5                               00000005
gpasm-0.14.3 #861 (Nov  5 2012)   05_main.asm   3-12-2013  23:30:13         PAGE  6


SYMBOL TABLE
  LABEL                             VALUE 

GPIE                              00000003
GPIF                              00000000
GPIO                              00000005
GPIO0                             00000000
GPIO1                             00000001
GPIO2                             00000002
GPIO3                             00000003
GPIO4                             00000004
GPIO5                             00000005
INDF                              00000000
INTCON                            0000000B
INTE                              00000004
INTEDG                            00000006
INTF                              00000001
IOC                               00000096
IOC0                              00000000
IOC1                              00000001
IOC2                              00000002
IOC3                              00000003
IOC4                              00000004
IOC5                              00000005
IOCB                              00000096
IOCB0                             00000000
IOCB1                             00000001
IOCB2                             00000002
IOCB3                             00000003
IOCB4                             00000004
IOCB5                             00000005
IRP                               00000007
Init                              00000005
Irq_vector                        00000004
LED0                              00000001
LED0_OFF                          
LED0_ON                           
LED1                              00000000
LED1_OFF                          
LED1_ON                           
LED1_P                            0000003F
Led_off                           0000002B
Led_on                            0000002E
M_L0                              0000001A
NOT_BOD                           00000000
NOT_BOR                           00000000
NOT_DONE                          00000001
NOT_GPPU                          00000007
NOT_PD                            00000003
NOT_POR                           00000001
NOT_T1SYNC                        00000002
NOT_TO                            00000004
OPTION_REG                        00000081
OSCCAL                            00000090
PAGE0                             bcf	STATUS,RP0
PAGE1                             bsf	STATUS,RP0
gpasm-0.14.3 #861 (Nov  5 2012)   05_main.asm   3-12-2013  23:30:13         PAGE  7


SYMBOL TABLE
  LABEL                             VALUE 

PCL                               00000002
PCLATH                            0000000A
PCON                              0000008E
PEIE                              00000006
PIE1                              0000008C
PIR1                              0000000C
PS0                               00000000
PS1                               00000001
PS2                               00000002
PSA                               00000003
RD                                00000000
RP0                               00000005
RP1                               00000006
Reset_vector                      00000000
STATUS                            00000003
T0CS                              00000005
T0IE                              00000005
T0IF                              00000002
T0SE                              00000004
T1CKPS0                           00000004
T1CKPS1                           00000005
T1CON                             00000010
T1IE                              00000000
T1IF                              00000000
T1OSCEN                           00000003
TMR0                              00000001
TMR0IE                            00000005
TMR0IF                            00000002
TMR1                              0000000E
TMR1CS                            00000001
TMR1GE                            00000006
TMR1H                             0000000F
TMR1IE                            00000000
TMR1IF                            00000000
TMR1L                             0000000E
TMR1ON                            00000000
TRISIO                            00000085
TRISIO0                           00000000
TRISIO1                           00000001
TRISIO2                           00000002
TRISIO3                           00000003
TRISIO4                           00000004
TRISIO5                           00000005
VCFG                              00000006
VR0                               00000000
VR1                               00000001
VR2                               00000002
VR3                               00000003
VRCON                             00000099
VREN                              00000007
VRR                               00000005
W                                 00000000
WPU                               00000095
gpasm-0.14.3 #861 (Nov  5 2012)   05_main.asm   3-12-2013  23:30:13         PAGE  8


SYMBOL TABLE
  LABEL                             VALUE 

WPU0                              00000000
WPU1                              00000001
WPU2                              00000002
WPU4                              00000004
WPU5                              00000005
WR                                00000001
WREN                              00000002
WRERR                             00000003
Z                                 00000002
_BODEN_OFF                        00003FBF
_BODEN_ON                         00003FFF
_BOREN_OFF                        00003FBF
_BOREN_ON                         00003FFF
_CONFIG                           00002007
_CPD_OFF                          00003FFF
_CPD_ON                           00003EFF
_CP_OFF                           00003FFF
_CP_ON                            00003F7F
_DEVID1                           00002006
_EC_OSC                           00003FFB
_EXTRC_OSC_CLKOUT                 00003FFF
_EXTRC_OSC_NOCLKOUT               00003FFE
_FOSC_EC                          00003FFB
_FOSC_EXTRCCLK                    00003FFF
_FOSC_EXTRCIO                     00003FFE
_FOSC_HS                          00003FFA
_FOSC_INTRCCLK                    00003FFD
_FOSC_INTRCIO                     00003FFC
_FOSC_LP                          00003FF8
_FOSC_XT                          00003FF9
_HS_OSC                           00003FFA
_IDLOC0                           00002000
_IDLOC1                           00002001
_IDLOC2                           00002002
_IDLOC3                           00002003
_INTRC_OSC_CLKOUT                 00003FFD
_INTRC_OSC_NOCLKOUT               00003FFC
_LP_OSC                           00003FF8
_MCLRE_OFF                        00003FDF
_MCLRE_ON                         00003FFF
_PWRTE_OFF                        00003FFF
_PWRTE_ON                         00003FEF
_WDTE_OFF                         00003FF7
_WDTE_ON                          00003FFF
_WDT_OFF                          00003FF7
_WDT_ON                           00003FFF
_XT_OSC                           00003FF9
__12F675                          00000001
count_h                           00000022
count_l                           00000020
count_m                           00000021
stor_m                            00000024
wait_loop                         00000024
gpasm-0.14.3 #861 (Nov  5 2012)   05_main.asm   3-12-2013  23:30:13         PAGE  9


SYMBOL TABLE
  LABEL                             VALUE 



MEMORY USAGE MAP ('X' = Used,  '-' = Unused)

0000 : X---XXXXXXXXXXXX XXXXXXXXXXXXXXXX XXXXXXXXXXXXXXXX X---------------
2000 : XXXX---X-------- ---------------- ---------------- ----------------

All other memory blocks unused.

Program Memory Words Used:    50

Errors   :     0
Warnings :     0 reported,     0 suppressed
Messages :     7 reported,     0 suppressed

