HI-TECH Software C Compiler 

Linker command line:

-W-9 \
  --edf=C:\Program Files (x86)\HI-TECH Software\PICC\9.83\dat\en_msgs.txt \
  -cs -h+dist/default/production\RotDisplay.X.production.sym -z -Q16F819 \
  -ol.obj -Mdist/default/production/RotDisplay.X.production.map -E1 \
  -ACONST=00h-0FFhx8 -ACODE=00h-07FFh -ASTRCODE=00h-07FFh \
  -AENTRY=00h-0FFhx8 -ASTRING=00h-0FFhx8 -ABANK0=020h-06Fh \
  -ABANK1=0A0h-0EFh -ABANK2=0120h-016Fh \
  -ARAM=020h-06Fh,0A0h-0EFh,0120h-016Fh \
  -AABS1=020h-07Fh,0A0h-0EFh,0120h-016Fh -ACOMMON=070h-07Fh -ASFR0=00h-01Fh \
  -ASFR1=080h-09Fh -ASFR2=0100h-011Fh -ASFR3=0180h-01EFh \
  -preset_vec=00h,intentry=04h,init,end_init -ppowerup=CODE -pfunctab=CODE \
  -ACONFIG=02007h-02007h -pconfig=CONFIG -DCONFIG=2 -AIDLOC=02000h-02003h \
  -pidloc=IDLOC -DIDLOC=2 -AEEDATA=00h-0FFh/02100h -peeprom_data=EEDATA \
  -DEEDATA=2 -DCODE=2 -DSTRCODE=2 -DSTRING=2 -DCONST=2 -DENTRY=2 -k \
  C:\Users\vyvoj\AppData\Local\Temp\s1qo.obj \
  dist/default/production\RotDisplay.X.production.obj 

Object code version is 3.10

Machine type is 16F819



                Name                               Link     Load   Length Selector   Space Scale
C:\Users\vyvoj\AppData\Local\Temp\s1qo.obj
                end_init                             10       10        1        8       0
                reset_vec                             0        0        1        0       0
dist/default/production\RotDisplay.X.production.obj
                intentry                              4        4        C        8       0
                config                             2007     2007        1     400E       0
                text383                             2CC      2CC        A        8       0
                text382                             2C2      2C2        A        8       0
                swtext1                               1        1        3        2       0
                text381                              11       11       66        8       0
                text380                             25B      25B       28        8       0
                text379                             2B8      2B8        A        8       0
                text378                             2AE      2AE        A        8       0
                text377                             1CF      1CF       33        8       0
                text376                             230      230       2B        8       0
                text375                             283      283       1A        8       0
                text374                              77       77       4E        8       0
                text373                             111      111       47        8       0
                text372                             202      202       2E        8       0
                text371                              C5       C5       4C        8       0
                text370                             29D      29D       11        8       0
                text369                             19B      19B       34        8       0
                maintext                            158      158       43        8       0
                cstackBANK0                          40       40        A       20       1
                cstackCOMMON                         70       70        9       70       1
                clrtext                             2DE      2DE        8        8       0
                bssBANK0                             20       20       20       20       1
                bssCOMMON                            79       79        1       70       1
                cinit                               2D6      2D6        8        8       0

TOTAL           Name                               Link     Load   Length     Space
        CLASS   CONST          
                swtext1                               1        1        3         0

        CLASS   CODE           
                end_init                             10       10        1         0
                intentry                              4        4        C         0
                reset_vec                             0        0        1         0
                text383                             2CC      2CC        A         0
                text382                             2C2      2C2        A         0
                text381                              11       11       66         0
                text380                             25B      25B       28         0
                text379                             2B8      2B8        A         0
                text378                             2AE      2AE        A         0
                text377                             1CF      1CF       33         0
                text376                             230      230       2B         0
                text375                             283      283       1A         0
                text374                              77       77       4E         0
                text373                             111      111       47         0
                text372                             202      202       2E         0
                text371                              C5       C5       4C         0
                text370                             29D      29D       11         0
                text369                             19B      19B       34         0
                maintext                            158      158       43         0
                clrtext                             2DE      2DE        8         0
                cinit                               2D6      2D6        8         0

        CLASS   STRCODE        

        CLASS   ENTRY          

        CLASS   STRING         

        CLASS   BANK0          
                cstackBANK0                          40       40        A         1
                bssBANK0                             20       20       20         1

        CLASS   BANK1          

        CLASS   BANK2          

        CLASS   RAM            

        CLASS   ABS1           
                abs_s1                               7E       7E        2         1

        CLASS   COMMON         
                cstackCOMMON                         70       70        9         1
                bssCOMMON                            79       79        1         1

        CLASS   SFR0           

        CLASS   SFR1           

        CLASS   SFR2           

        CLASS   SFR3           

        CLASS   CONFIG         
                config                             2007     2007        1         0

        CLASS   IDLOC          

        CLASS   EEDATA         

        CLASS   BANK3          



SEGMENTS        Name                           Load    Length   Top    Selector   Space  Class     Delta

                reset_vec                      000000  000001  000001         0       0  CODE        2
                swtext1                        000001  000003  000004         2       0  CONST       2
                intentry                       000004  0002E2  0002E6         8       0  CODE        2
                bssBANK0                       000020  00002A  00004A        20       1  BANK0       1
                cstackCOMMON                   000070  00000A  00007A        70       1  COMMON      1
                config                         002007  000001  002008      400E       0  CONFIG      2


UNUSED ADDRESS RANGES

        Name                Unused          Largest block    Delta
        BANK0            004A-006F             26           1
        BANK1            00A0-00EF             50           1
        BANK2            0120-016F             50           1
        CODE             02E6-07FF            51A           2
        COMMON           007A-007D              4           1
        CONST            02E6-07FF            100           2
        EEDATA           2100-21FF            100           2
        ENTRY            02E6-07FF            100           2
        IDLOC            2000-2003              4           2
        RAM              004A-006F             26           1
                         00A0-00EF             50
                         0120-016F             50
        SFR0             0000-001F             20           1
        SFR1             0080-009F             20           1
        SFR2             0100-011F             20           1
        SFR3             0180-01EF             70           1
        STRCODE          02E6-07FF            51A           2
        STRING           02E6-07FF            100           2

                                  Symbol Table

??___bmul                     cstackBANK0  0041
??_application_reset          cstackBANK0  0047
??_bit_off                    cstackBANK0  0040
??_bit_on                     cstackBANK0  0040
??_hour_start_end_init        cstackBANK0  0044
??_init                       cstackBANK0  0048
??_interrupt_handler          cstackCOMMON 0075
??_main                       cstackBANK0  0048
??_next_segment               cstackBANK0  0047
??_shift_write                cstackBANK0  0042
??_show_face                  cstackBANK0  0042
??_sixty_start                cstackBANK0  0040
??_sixty_stop                 cstackBANK0  0040
??_sync                       cstackCOMMON 0072
??i1_bit_off                  cstackCOMMON 0070
??i1_bit_on                   cstackCOMMON 0070
?___bmul                      cstackBANK0  0040
?_application_reset           cstackCOMMON 0070
?_bit_off                     cstackCOMMON 0070
?_bit_on                      cstackCOMMON 0070
?_hour_start_end_init         cstackCOMMON 0070
?_init                        cstackCOMMON 0070
?_interrupt_handler           cstackCOMMON 0070
?_main                        cstackCOMMON 0070
?_next_segment                cstackCOMMON 0070
?_shift_write                 cstackCOMMON 0070
?_show_face                   cstackCOMMON 0070
?_sixty_start                 cstackCOMMON 0070
?_sixty_stop                  cstackCOMMON 0070
?_sync                        cstackCOMMON 0070
?i1_bit_off                   cstackCOMMON 0070
?i1_bit_on                    cstackCOMMON 0070
_ADCON1                       (abs)        009F
_CARRY                        (abs)        0018
_EEADR                        (abs)        010D
_EECON1                       (abs)        018C
_EECON2                       (abs)        018D
_EEDATA                       (abs)        010C
_GIE                          (abs)        005F
_IOFS                         (abs)        047A
_OSCCONbits                   (abs)        008F
_PEIE                         (abs)        005E
_PORTA                        (abs)        0005
_RB5                          (abs)        0035
_RB7                          (abs)        0037
_RBIE                         (abs)        005B
_RBIF                         (abs)        0058
_RD                           (abs)        0C60
_T0CS                         (abs)        040D
_T1CON                        (abs)        0010
_TMR0                         (abs)        0001
_TMR0IE                       (abs)        005D
_TMR0IF                       (abs)        005A
_TMR1H                        (abs)        000F
_TMR1IE                       (abs)        0460
_TMR1IF                       (abs)        0060
_TMR1L                        (abs)        000E
_TMR1ON                       (abs)        0080
_TRISA                        (abs)        0085
_TRISB                        (abs)        0086
_WR                           (abs)        0C61
_WREN                         (abs)        0C62
__Habs1                       abs1         0000
__Hbank0                      bank0        0000
__Hbank1                      bank1        0000
__Hbank2                      bank2        0000
__Hbank3                      bank3        0000
__HbssBANK0                   bssBANK0     0000
__HbssCOMMON                  bssCOMMON    0000
__Hcinit                      cinit        0000
__Hclrtext                    clrtext      0000
__Hcode                       code         0000
__Hcommon                     common       0000
__Hconfig                     config       2008
__HcstackBANK0                cstackBANK0  0000
__HcstackCOMMON               cstackCOMMON 0000
__Heeprom_data                eeprom_data  0000
__Hend_init                   end_init     0011
__Hfunctab                    functab      0000
__Hidloc                      idloc        0000
__Hinit                       init         0010
__Hintentry                   intentry     0010
__Hmaintext                   maintext     0000
__Hpowerup                    powerup      0000
__Hram                        ram          0000
__Hreset_vec                  reset_vec    0001
__Hsfr0                       sfr0         0000
__Hsfr1                       sfr1         0000
__Hsfr2                       sfr2         0000
__Hsfr3                       sfr3         0000
__Hstrings                    strings      0000
__Htext                       text         0000
__Labs1                       abs1         0000
__Lbank0                      bank0        0000
__Lbank1                      bank1        0000
__Lbank2                      bank2        0000
__Lbank3                      bank3        0000
__LbssBANK0                   bssBANK0     0000
__LbssCOMMON                  bssCOMMON    0000
__Lcinit                      cinit        0000
__Lclrtext                    clrtext      0000
__Lcode                       code         0000
__Lcommon                     common       0000
__Lconfig                     config       2007
__LcstackBANK0                cstackBANK0  0000
__LcstackCOMMON               cstackCOMMON 0000
__Leeprom_data                eeprom_data  0000
__Lend_init                   end_init     0010
__Lfunctab                    functab      0000
__Lidloc                      idloc        0000
__Linit                       init         0010
__Lintentry                   intentry     0004
__Lmaintext                   maintext     0000
__Lpowerup                    powerup      0000
__Lram                        ram          0000
__Lreset_vec                  reset_vec    0000
__Lsfr0                       sfr0         0000
__Lsfr1                       sfr1         0000
__Lsfr2                       sfr2         0000
__Lsfr3                       sfr3         0000
__Lstrings                    strings      0000
__Ltext                       text         0000
__S0                          (abs)        2008
__S1                          (abs)        007A
__S2                          (abs)        0000
___bmul                       text375      0283
___bmul@multiplicand          cstackBANK0  0040
___bmul@multiplier            cstackBANK0  0043
___bmul@product               cstackBANK0  0042
__end_of___bmul               text375      029D
__end_of_application_reset    text370      02AE
__end_of_bit_off              text378      02B8
__end_of_bit_on               text379      02C2
__end_of_hour_start_end_init  text373      0158
__end_of_init                 text369      01CF
__end_of_interrupt_handler    text380      0283
__end_of_main                 maintext     019B
__end_of_next_segment         text371      0111
__end_of_shift_write          text374      00C5
__end_of_show_face            text372      0230
__end_of_sixty_start          text377      0202
__end_of_sixty_stop           text376      025B
__end_of_sync                 text381      0077
__end_ofi1_bit_off            text382      02CC
__end_ofi1_bit_on             text383      02D6
__pbssBANK0                   bssBANK0     0020
__pbssCOMMON                  bssCOMMON    0079
__pcstackBANK0                cstackBANK0  0040
__pcstackCOMMON               cstackCOMMON 0070
__pintentry                   intentry     0004
__pmaintext                   maintext     0158
__pswtext1                    swtext1      0001
__ptext368                    text368      0000
__ptext369                    text369      019B
__ptext370                    text370      029D
__ptext371                    text371      00C5
__ptext372                    text372      0202
__ptext373                    text373      0111
__ptext374                    text374      0077
__ptext375                    text375      0283
__ptext376                    text376      0230
__ptext377                    text377      01CF
__ptext378                    text378      02AE
__ptext379                    text379      02B8
__ptext380                    text380      025B
__ptext381                    text381      0011
__ptext382                    text382      02C2
__ptext383                    text383      02CC
__ptext384                    text384      0000
__size_of___bmul              (abs)        0000
__size_of_application_reset   (abs)        0000
__size_of_bit_off             (abs)        0000
__size_of_bit_on              (abs)        0000
__size_of_hour_start_end_init (abs)        0000
__size_of_init                (abs)        0000
__size_of_interrupt_handler   (abs)        0000
__size_of_main                (abs)        0000
__size_of_next_segment        (abs)        0000
__size_of_shift_write         (abs)        0000
__size_of_show_face           (abs)        0000
__size_of_sixty_start         (abs)        0000
__size_of_sixty_stop          (abs)        0000
__size_of_sync                (abs)        0000
__size_ofi1_bit_off           (abs)        0000
__size_ofi1_bit_on            (abs)        0000
_a_latch                      bssBANK0     003A
_application_reset            text370      029D
_bit_off                      text378      02AE
_bit_on                       text379      02B8
_exit                         init         0010
_hour_end                     bssBANK0     0020
_hour_start                   bssBANK0     002C
_hour_start_end_init          text373      0111
_init                         text369      019B
_interrupt_handler            text380      025B
_main                         maintext     0158
_next_segment                 text371      00C5
_seg_ticks_h                  bssBANK0     003B
_seg_ticks_l                  bssBANK0     003C
_segment                      bssBANK0     0038
_shift_write                  text374      0077
_show_face                    text372      0202
_sixty_start                  text377      01CF
_sixty_stop                   text376      0230
_state                        bssBANK0     003D
_sync                         text381      0011
_tmr0_counter                 bssBANK0     003E
_tmr1_counter                 bssBANK0     003F
bit_off@bt                    cstackBANK0  0041
bit_on@bt                     cstackBANK0  0041
btemp                         (abs)        007E
clear_ram                     clrtext      02DE
end_of_initialization         cinit        02DC
hour_start_end_init@i         cstackBANK0  0047
hour_start_end_init@min       cstackBANK0  0046
i1_bit_off                    text382      02C2
i1_bit_on                     text383      02CC
i1bit_off@bt                  cstackCOMMON 0071
i1bit_on@bt                   cstackCOMMON 0071
interrupt_function            intentry     0004
interrupt_handler@c           bssCOMMON    0079
intlevel0                     functab      0000
intlevel1                     functab      0000
intlevel2                     functab      0000
intlevel3                     functab      0000
intlevel4                     functab      0000
intlevel5                     functab      0000
main@i                        cstackBANK0  0049
reset_vec                     reset_vec    0000
saved_w                       (abs)        007E
shift_write@data              cstackBANK0  0046
shift_write@i                 cstackBANK0  0044
sixty_start@x                 cstackBANK0  0042
sixty_stop@x                  cstackBANK0  0042
start                         init         0010
start_initialization          cinit        02D6
wtemp0                        (abs)        007E
